// Jest Snapshot v1, https://goo.gl/fbAQLP

exports[`Es hora de las instantaneas Siempre fallara la instantanea 1`] = `
Object {
  "createdAt": 2021-04-14T02:22:29.974Z,
  "id": 4,
}
`;

exports[`Es hora de las instantaneas Snapshot 1`] = `
Object {
  "gender": "Male",
  "id": 1,
  "name": "Rick Sanchez",
  "species": "Human",
  "status": "Alive",
}
`;

exports[`Es hora de las instantaneas Tenemos una excepci√≥n para el snapshot 1`] = `
Object {
  "id": Any<Number>,
  "name": "Fredy",
}
`;
